Error at line 9: Tried to call function using variable declaration
