Program
  List
    Function
      IdDecl ID="mul"
      List
        Declaration
          IdDecl ID="a"
        Assignment
          IdDecl ID="a"
          Mul
            Numeral NUMERAL="9"
            Numeral NUMERAL="3"
