Program
  List
    Function
      IdDecl ID="sub"
      List
      List
        Declaration
          IdDecl ID="a"
        Declaration
          IdDecl ID="b"
        Assignment
          IdDecl ID="b"
          Numeral NUMERAL="7"
        Assignment
          IdDecl ID="a"
          Sub
            Numeral NUMERAL="4"
            IdUse ID="b"
