Program
  List
    Function
      IdDecl ID="gcd2"
      List
        Parameter
          IdDecl ID="a"
        Parameter
          IdDecl ID="b"
      List
        IfStatement
          Equal
            IdUse ID="b"
            Numeral NUMERAL="0"
          List
            Return
              IdUse ID="a"
          Opt
        Return
          FunctionUse
            IdUse ID="gcd2"
            List
              IdUse ID="b"
              Mod
                IdUse ID="a"
                IdUse ID="b"
