fac: fac
f: fac
f: print
main: fac
main: f
main: print
