Program
  List
    Function
      IdDecl ID="mod"
      List
      List
        Declaration
          IdDecl ID="a"
        Declaration
          IdDecl ID="b"
        Assignment
          IdUse ID="b"
          Numeral NUMERAL="5"
        Assignment
          IdUse ID="a"
          Div
            Numeral NUMERAL="12"
            IdUse ID="b"
