Program
  List
    Function
      IdDecl ID="gcd1"
      List
        Parameter
          IdDecl ID="a"
        Parameter
          IdDecl ID="b"
      List
        WhileStatement
          NotEqual
            IdUse ID="a"
            IdUse ID="b"
          List
            IfStatement
              GreaterThan
                IdUse ID="a"
                IdUse ID="b"
              List
                Assignment
                  IdDecl ID="a"
                  Sub
                    IdUse ID="a"
                    IdUse ID="b"
              Opt
                Else
                  List
                    Assignment
                      IdDecl ID="b"
                      Sub
                        IdUse ID="b"
                        IdUse ID="a"
        Return
          IdUse ID="a"
