Program
  List
    Function
      IdDecl ID="a"
      List
        Parameter
          IdDecl ID="house"
      List
        Declaration
          IdDecl ID="c"
        Assignment
          IdUse ID="c"
          Add
            Div
              Mul
                Numeral NUMERAL="1"
                Numeral NUMERAL="3"
              Numeral NUMERAL="2"
            IdUse ID="house"
