Program
  List
    Function
      IdDecl ID="a"
        IntType
      List
      List
    Function
      IdDecl ID="b"
        IntType
      List
      List
