Program
  List
    Function
      IdDecl ID="a"
        IntType
      List
      List
