Program
  List
    Function
      IdDecl ID="a"
        IntType
      List
        Parameter
          IdDecl ID="house"
            IntType
        Parameter
          IdDecl ID="boat"
            IntType
      List
        WhileStatement
          LesserThan
            IdUse ID="house"
            IdUse ID="boat"
          List
