Program
  List
    Function
      IdDecl ID="mul"
      List
      List
        Declaration
          IdDecl ID="a"
        Declaration
          IdDecl ID="b"
        Assignment
          IdUse ID="b"
          Numeral NUMERAL="7"
        Assignment
          IdUse ID="a"
          Mul
            Numeral NUMERAL="9"
            IdUse ID="b"
