Program
  List
    Function
      IdDecl ID="mod"
      List
      List
        Declaration
          IdDecl ID="a"
        Assignment
          IdUse ID="a"
          Mod
            Numeral NUMERAL="7"
            Numeral NUMERAL="2"
