Program
  List
    Function
      IdDecl ID="a"
      List
        Parameter
          IdDecl ID="house"
        Parameter
          IdDecl ID="boat"
      List
        IfStatement
          LesserThan
            IdUse ID="house"
            IdUse ID="boat"
          List
            Declaration
              IdDecl ID="a"
            Assignment
              IdUse ID="a"
              Sub
                IdUse ID="house"
                IdUse ID="boat"
          Opt
            Else
              List
                Declaration
                  IdDecl ID="b"
                Assignment
                  IdUse ID="b"
                  Sub
                    IdUse ID="boat"
                    IdUse ID="house"
