Program
  List
    Function
      IdDecl ID="a"
      List
        Parameter
          IdDecl ID="house"
        Parameter
          IdDecl ID="boat"
      List
        WhileStatement
          LesserThan
            IdUse ID="house"
            IdUse ID="boat"
          List
