Error at line 3: the definition of symbol 'b' is circular
Error at line 5: the definition of symbol 'z' is circular
